\BOOKMARK [1][-]{section.1}{\376\377\000I\000n\000t\000r\000o\000d\000u\000c\000t\000i\000o\000n}{}% 1
\BOOKMARK [2][-]{subsection.1.1}{\376\377\000B\000a\000c\000k\000g\000r\000o\000u\000n\000d\000\040\000a\000n\000d\000\040\000R\000e\000l\000a\000t\000e\000d\000\040\000W\000o\000r\000k\000s}{section.1}% 2
\BOOKMARK [3][-]{subsubsection.1.1.1}{\376\377\000B\000i\000n\000n\000e\000d\000\040\000a\000p\000p\000r\000o\000x\000i\000m\000a\000t\000i\000o\000n\000s\000\040\000t\000o\000\040\000E\000C\000E}{subsection.1.1}% 3
\BOOKMARK [3][-]{subsubsection.1.1.2}{\376\377\000A\000l\000t\000e\000r\000n\000a\000t\000i\000v\000e\000s\000\040\000t\000o\000\040\000E\000C\000E}{subsection.1.1}% 4
\BOOKMARK [2][-]{subsection.1.2}{\376\377\000O\000u\000r\000\040\000C\000o\000n\000t\000r\000i\000b\000u\000t\000i\000o\000n\000s}{section.1}% 5
\BOOKMARK [1][-]{section.2}{\376\377\000A\000\040\000R\000a\000n\000k\000\040\000M\000e\000a\000s\000u\000r\000e\000\040\000f\000o\000r\000\040\000C\000a\000l\000i\000b\000r\000a\000t\000i\000o\000n}{}% 6
\BOOKMARK [1][-]{section.3}{\376\377\000P\000r\000o\000p\000e\000r\000t\000i\000e\000s\000\040\000o\000f\000\040\000r\000a\000n\000k\000E\000C\000E}{}% 7
\BOOKMARK [2][-]{subsection.3.1}{\376\377\000r\000a\000n\000k\000E\000C\000E\000\040\000a\000s\000\040\000a\000n\000\040\000a\000p\000p\000r\000o\000x\000i\000m\000a\000t\000i\000o\000n\000\040\000t\000o\000\040\0002\000-\000E\000C\000E}{section.3}% 8
\BOOKMARK [2][-]{subsection.3.2}{\376\377\000T\000e\000s\000t\000i\000n\000g\000\040\000f\000o\000r\000\040\000P\000e\000r\000f\000e\000c\000t\000\040\000C\000a\000l\000i\000b\000r\000a\000t\000i\000o\000n}{section.3}% 9
\BOOKMARK [1][-]{section.4}{\376\377\000C\000o\000m\000p\000a\000r\000i\000n\000g\000\040\000r\000a\000n\000k\000E\000C\000E\000\040\000a\000n\000d\000\040\0002\000-\000b\000i\000n\000E\000C\000E}{}% 10
\BOOKMARK [2][-]{subsection.4.1}{\376\377\0002\000-\000b\000i\000n\000E\000C\000E\000:\000\040\000p\000r\000o\000p\000e\000r\000t\000i\000e\000s\000\040\000a\000n\000d\000\040\000e\000s\000t\000i\000m\000a\000t\000i\000o\000n}{section.4}% 11
\BOOKMARK [2][-]{subsection.4.2}{\376\377\000r\000a\000n\000k\000E\000C\000E\000\040\000a\000s\000\040\000a\000n\000\040\000a\000l\000t\000e\000r\000n\000a\000t\000i\000v\000e\000\040\000t\000o\000\040\0002\000-\000b\000i\000n\000E\000C\000E}{section.4}% 12
\BOOKMARK [1][-]{section.5}{\376\377\000E\000x\000p\000e\000r\000i\000m\000e\000n\000t\000s}{}% 13
\BOOKMARK [2][-]{subsection.5.1}{\376\377\000r\000a\000n\000k\000E\000C\000E\000\040\000a\000n\000d\000\040\0002\000-\000b\000i\000n\000E\000C\000E\000\040\000a\000s\000\040\000a\000p\000p\000r\000o\000x\000i\000m\000a\000t\000i\000o\000n\000s\000\040\000t\000o\000\040\0002\000-\000E\000C\000E}{section.5}% 14
\BOOKMARK [3][-]{subsubsection.5.1.1}{\376\377\000S\000i\000m\000u\000l\000a\000t\000i\000o\000n\000s}{subsection.5.1}% 15
\BOOKMARK [3][-]{subsubsection.5.1.2}{\376\377\000S\000e\000n\000t\000i\000m\000e\000n\000t\000\040\000P\000r\000e\000d\000i\000c\000t\000i\000o\000n}{subsection.5.1}% 16
\BOOKMARK [2][-]{subsection.5.2}{\376\377\000T\000e\000s\000t\000i\000n\000g\000\040\000f\000o\000r\000\040\000P\000e\000r\000f\000e\000c\000t\000\040\000C\000a\000l\000i\000b\000r\000a\000t\000i\000o\000n}{section.5}% 17
\BOOKMARK [1][-]{section.6}{\376\377\000D\000i\000s\000c\000u\000s\000s\000i\000o\000n}{}% 18
\BOOKMARK [1][-]{appendix.A}{\376\377\000A\000d\000d\000i\000t\000i\000o\000n\000a\000l\000\040\000E\000x\000p\000e\000r\000i\000m\000e\000n\000t\000s}{}% 19
\BOOKMARK [2][-]{subsection.A.1}{\376\377\000C\000o\000m\000p\000a\000r\000i\000n\000g\000\040\000r\000a\000n\000k\000E\000C\000E\000\040\000a\000n\000d\000\040\0002\000-\000b\000i\000n\000E\000C\000E\000\040\000a\000s\000\040\000a\000p\000p\000r\000o\000x\000m\000a\000t\000i\000o\000n\000s\000\040\000t\000o\000\040\0002\000-\000E\000C\000E}{appendix.A}% 20
\BOOKMARK [2][-]{subsection.A.2}{\376\377\000C\000o\000m\000p\000a\000r\000i\000n\000g\000\040\000r\000a\000n\000k\000E\000C\000E\000\040\000a\000n\000d\000\040\0002\000-\000b\000i\000n\000E\000C\000E\000\040\000i\000n\000\040\000S\000e\000n\000t\000i\000m\000e\000n\000t\000\040\000P\000r\000e\000d\000i\000c\000t\000i\000o\000n}{appendix.A}% 21
\BOOKMARK [2][-]{subsection.A.3}{\376\377\000T\000e\000s\000t\000i\000n\000g\000\040\000f\000o\000r\000\040\000p\000e\000r\000f\000e\000c\000t\000\040\000c\000a\000l\000i\000b\000r\000a\000t\000i\000o\000n}{appendix.A}% 22
\BOOKMARK [1][-]{appendix.B}{\376\377\000T\000e\000s\000t\000a\000b\000i\000l\000i\000t\000y\000\040\000a\000n\000d\000\040\000A\000c\000t\000i\000o\000n\000a\000b\000i\000l\000i\000t\000y\000\040\000o\000f\000\040\000r\000a\000n\000k\000E\000C\000E}{}% 23
\BOOKMARK [2][-]{subsection.B.1}{\376\377\000T\000e\000s\000t\000a\000b\000i\000l\000i\000t\000y\000\040\000o\000f\000\040\000r\000a\000n\000k\000E\000C\000E}{appendix.B}% 24
\BOOKMARK [2][-]{subsection.B.2}{\376\377\000A\000c\000t\000i\000o\000n\000a\000b\000i\000l\000i\000t\000y\000\040\000o\000f\000\040\000r\000a\000n\000k\000E\000C\000E}{appendix.B}% 25
\BOOKMARK [2][-]{subsection.B.3}{\376\377\000P\000r\000o\000o\000f\000\040\000o\000f\000\040\000T\000h\000e\000o\000r\000e\000m\000\040\000B\000.\0001}{appendix.B}% 26
\BOOKMARK [3][-]{subsubsection.B.3.1}{\376\377\000P\000r\000o\000o\000f\000\040\000o\000f\000\040\000L\000e\000m\000m\000a\000\040\000B\000.\0001}{subsection.B.3}% 27
\BOOKMARK [1][-]{appendix.C}{\376\377\000A\000n\000\040\000e\000x\000a\000m\000p\000l\000e\000\040\000c\000o\000m\000p\000a\000r\000i\000n\000g\000\040\000r\000a\000n\000k\000E\000C\000E\000\040\000a\000n\000d\000\040\0002\000-\000b\000i\000n\000E\000C\000E}{}% 28
\BOOKMARK [2][-]{subsection.C.1}{\376\377\000E\000m\000p\000i\000r\000i\000c\000a\000l\000\040\000C\000o\000m\000p\000a\000r\000i\000s\000o\000n\000\040\000o\000f\000\040\0002\000-\000b\000i\000n\000E\000C\000E\000\040\000a\000n\000d\000\040\000r\000a\000n\000k\000E\000C\000E\000\040\000i\000n\000\040\000E\000x\000a\000m\000p\000l\000e\000\040\0004\000.\0001}{appendix.C}% 29
\BOOKMARK [2][-]{subsection.C.2}{\376\377\000P\000r\000o\000o\000f\000\040\000o\000f\000\040\000L\000e\000m\000m\000a\000\040\000C\000.\0001}{appendix.C}% 30
\BOOKMARK [2][-]{subsection.C.3}{\376\377\000P\000r\000o\000o\000f\000\040\000o\000f\000\040\000L\000e\000m\000m\000a\000\040\000C\000.\0002}{appendix.C}% 31
\BOOKMARK [1][-]{appendix.D}{\376\377\000P\000r\000o\000o\000f\000\040\000o\000f\000\040\000P\000r\000o\000p\000o\000s\000i\000t\000i\000o\000n\000\040\0002\000.\0001\000\040\000a\000n\000d\000\040\000r\000e\000s\000u\000l\000t\000s\000\040\000f\000r\000o\000m\000\040\000S\000e\000c\000t\000i\000o\000n\000\040\0003}{}% 32
\BOOKMARK [2][-]{subsection.D.1}{\376\377\000P\000r\000o\000o\000f\000\040\000o\000f\000\040\000P\000r\000o\000p\000o\000s\000i\000t\000i\000o\000n\000\040\0002\000.\0001}{appendix.D}% 33
\BOOKMARK [2][-]{subsection.D.2}{\376\377\000P\000r\000o\000o\000f\000\040\000o\000f\000\040\000P\000r\000o\000p\000o\000s\000i\000t\000i\000o\000n\000\040\0003\000.\0001}{appendix.D}% 34
\BOOKMARK [2][-]{subsection.D.3}{\376\377\000P\000r\000o\000o\000f\000\040\000o\000f\000\040\000P\000r\000o\000p\000o\000s\000i\000t\000i\000o\000n\000\040\0003\000.\0002}{appendix.D}% 35
\BOOKMARK [2][-]{subsection.D.4}{\376\377\000P\000r\000o\000o\000f\000\040\000o\000f\000\040\000P\000r\000o\000p\000o\000s\000i\000t\000i\000o\000n\000\040\0003\000.\0003}{appendix.D}% 36
\BOOKMARK [2][-]{subsection.D.5}{\376\377\000P\000r\000o\000o\000f\000\040\000o\000f\000\040\000T\000h\000e\000o\000r\000e\000m\000\040\0003\000.\0001}{appendix.D}% 37
\BOOKMARK [3][-]{subsubsection.D.5.1}{\376\377\000P\000r\000o\000o\000f\000\040\000o\000f\000\040\000L\000e\000m\000m\000a\000\040\000D\000.\0002}{subsection.D.5}% 38
\BOOKMARK [2][-]{subsection.D.6}{\376\377\000P\000r\000o\000o\000f\000\040\000o\000f\000\040\000P\000r\000o\000p\000o\000s\000i\000t\000i\000o\000n\000\040\0003\000.\0004}{appendix.D}% 39
\BOOKMARK [2][-]{subsection.D.7}{\376\377\000P\000r\000o\000o\000f\000\040\000o\000f\000\040\000T\000h\000e\000o\000r\000e\000m\000\040\0003\000.\0002}{appendix.D}% 40
\BOOKMARK [2][-]{subsection.D.8}{\376\377\000P\000r\000o\000o\000f\000\040\000o\000f\000\040\000C\000o\000r\000o\000l\000l\000a\000r\000y\000\040\0003\000.\0001}{appendix.D}% 41
\BOOKMARK [2][-]{subsection.D.9}{\376\377\000P\000r\000o\000o\000f\000\040\000o\000f\000\040\000R\000e\000m\000a\000r\000k\000\040\0003\000.\0002}{appendix.D}% 42
\BOOKMARK [1][-]{appendix.E}{\376\377\000P\000r\000o\000o\000f\000\040\000o\000f\000\040\000r\000e\000s\000u\000l\000t\000s\000\040\000f\000r\000o\000m\000\040\000S\000e\000c\000t\000i\000o\000n\000\040\0004}{}% 43
\BOOKMARK [2][-]{subsection.E.1}{\376\377\000P\000r\000o\000o\000f\000\040\000o\000f\000\040\000P\000r\000o\000p\000o\000s\000i\000t\000i\000o\000n\000\040\0004\000.\0001}{appendix.E}% 44
\BOOKMARK [2][-]{subsection.E.2}{\376\377\000P\000r\000o\000o\000f\000\040\000o\000f\000\040\000L\000e\000m\000m\000a\000\040\0004\000.\0001}{appendix.E}% 45
\BOOKMARK [2][-]{subsection.E.3}{\376\377\000P\000r\000o\000o\000f\000\040\000o\000f\000\040\000T\000h\000e\000o\000r\000e\000m\000\040\0004\000.\0001}{appendix.E}% 46
\BOOKMARK [2][-]{subsection.E.4}{\376\377\000J\000u\000s\000t\000i\000f\000i\000c\000a\000t\000i\000o\000n\000\040\000o\000f\000\040\000R\000e\000m\000a\000r\000k\000\040\0004\000.\0001}{appendix.E}% 47
\BOOKMARK [2][-]{subsection.E.5}{\376\377\000J\000u\000s\000t\000i\000f\000i\000c\000a\000t\000i\000o\000n\000\040\000o\000f\000\040\000R\000e\000m\000a\000r\000k\000\040\0004\000.\0002}{appendix.E}% 48
\BOOKMARK [1][-]{appendix.F}{\376\377\000O\000n\000\040\000n\000o\000n\000-\000a\000t\000o\000m\000i\000c\000i\000t\000y\000\040\000o\000f\000\040\000f\000\050\000X\000\051}{}% 49
\BOOKMARK [2][-]{subsection.F.1}{\376\377\000P\000r\000o\000o\000f\000\040\000o\000f\000\040\000T\000h\000e\000o\000r\000e\000m\000\040\000F\000.\0001}{appendix.F}% 50
\BOOKMARK [3][-]{subsubsection.F.1.1}{\376\377\000P\000r\000o\000o\000f\000\040\000o\000f\000\040\000P\000a\000r\000t\000\040\000\050\000a\000\051\000\040\000a\000n\000d\000\040\000P\000a\000r\000t\000\040\000\050\000b\000\051\000.}{subsection.F.1}% 51
\BOOKMARK [3][-]{subsubsection.F.1.2}{\376\377\000P\000r\000o\000o\000f\000\040\000o\000f\000\040\000P\000a\000r\000t\000\040\000\050\000c\000\051\000.}{subsection.F.1}% 52
\BOOKMARK [3][-]{subsubsection.F.1.3}{\376\377\000P\000r\000o\000o\000f\000\040\000o\000f\000\040\000L\000e\000m\000m\000a\000\040\000F\000.\0001}{subsection.F.1}% 53
\BOOKMARK [2][-]{subsection.F.2}{\376\377\000J\000u\000s\000t\000i\000f\000i\000c\000a\000t\000i\000o\000n\000\040\000o\000f\000\040\000R\000e\000m\000a\000r\000k\000\040\000F\000.\0001}{appendix.F}% 54
\BOOKMARK [1][-]{appendix.G}{\376\377\000A\000d\000d\000i\000t\000i\000o\000n\000a\000l\000\040\000D\000e\000t\000a\000i\000l\000s\000\040\000o\000n\000\040\000S\000e\000n\000t\000i\000m\000e\000n\000t\000\040\000M\000o\000d\000e\000l\000s}{}% 55
